[1/2] "C:/Users/migue/AppData/Local/vcpkg/downloads/tools/cmake-4.3.2-windows/cmake-4.3.2-windows-x86_64/bin/cmake.exe" -E chdir ".." "C:/Users/migue/AppData/Local/vcpkg/downloads/tools/cmake-4.3.2-windows/cmake-4.3.2-windows-x86_64/bin/cmake.exe" "C:/Users/migue/CLionProjects/VibeZ/vcpkg_installed/vcpkg/blds/fmt/src/12.1.0-54f1f91231.clean" "-G" "Ninja" "-DCMAKE_BUILD_TYPE=Release" "-DCMAKE_INSTALL_PREFIX=C:/Users/migue/CLionProjects/VibeZ/vcpkg_installed/vcpkg/pkgs/fmt_x64-windows" "-DFETCHCONTENT_FULLY_DISCONNECTED=ON" "-DFMT_CMAKE_DIR=share/fmt" "-DFMT_TEST=OFF" "-DFMT_DOC=OFF" "-DCMAKE_MAKE_PROGRAM=C:\Program Files (x86)\Microsoft Visual Studio\18\BuildTools\Common7\IDE\CommonExtensions\Microsoft\CMake\Ninja\ninja.exe" "-DBUILD_SHARED_LIBS=ON" "-DVCPKG_CHAINLOAD_TOOLCHAIN_FILE=C:/Program Files (x86)/Microsoft Visual Studio/18/BuildTools/VC/vcpkg/scripts/toolchains/windows.cmake" "-DVCPKG_TARGET_TRIPLET=x64-windows" "-DVCPKG_SET_CHARSET_FLAG=ON" "-DVCPKG_PLATFORM_TOOLSET=v145" "-DCMAKE_EXPORT_NO_PACKAGE_REGISTRY=ON" "-DCMAKE_FIND_PACKAGE_NO_PACKAGE_REGISTRY=ON" "-DCMAKE_FIND_PACKAGE_NO_SYSTEM_PACKAGE_REGISTRY=ON" "-DCMAKE_INSTALL_SYSTEM_RUNTIME_LIBS_SKIP=TRUE" "-DCMAKE_VERBOSE_MAKEFILE=ON" "-DVCPKG_APPLOCAL_DEPS=OFF" "-DCMAKE_TOOLCHAIN_FILE=C:/Program Files (x86)/Microsoft Visual Studio/18/BuildTools/VC/vcpkg/scripts/buildsystems/vcpkg.cmake" "-DCMAKE_ERROR_ON_ABSOLUTE_INSTALL_DESTINATION=ON" "-DVCPKG_CXX_FLAGS=" "-DVCPKG_CXX_FLAGS_RELEASE=" "-DVCPKG_CXX_FLAGS_DEBUG=" "-DVCPKG_C_FLAGS=" "-DVCPKG_C_FLAGS_RELEASE=" "-DVCPKG_C_FLAGS_DEBUG=" "-DVCPKG_CRT_LINKAGE=dynamic" "-DVCPKG_LINKER_FLAGS=" "-DVCPKG_LINKER_FLAGS_RELEASE=" "-DVCPKG_LINKER_FLAGS_DEBUG=" "-DVCPKG_TARGET_ARCHITECTURE=x64" "-DCMAKE_INSTALL_LIBDIR:STRING=lib" "-DCMAKE_INSTALL_BINDIR:STRING=bin" "-D_VCPKG_ROOT_DIR=C:/Program Files (x86)/Microsoft Visual Studio/18/BuildTools/VC/vcpkg" "-D_VCPKG_INSTALLED_DIR=C:/Users/migue/CLionProjects/VibeZ/vcpkg_installed" "-DVCPKG_MANIFEST_INSTALL=OFF"
-- CMake version: 4.3.2
-- The CXX compiler identification is MSVC 19.51.36256.0
-- Detecting CXX compiler ABI info
-- Detecting CXX compiler ABI info - done
-- Check for working CXX compiler: C:/Program Files (x86)/Microsoft Visual Studio/18/BuildTools/VC/Tools/MSVC/14.51.36231/bin/Hostx64/x64/cl.exe - skipped
-- Detecting CXX compile features
-- Detecting CXX compile features - done
-- {fmt} version: 12.1.0
-- Build type: Release
-- Configuring done (0.9s)
-- Generating done (0.0s)
CMake Warning:
  Manually-specified variables were not used by the project:

    FETCHCONTENT_FULLY_DISCONNECTED
    _VCPKG_ROOT_DIR


-- Build files have been written to: C:/Users/migue/CLionProjects/VibeZ/vcpkg_installed/vcpkg/blds/fmt/x64-windows-rel
[2/2] "C:/Users/migue/AppData/Local/vcpkg/downloads/tools/cmake-4.3.2-windows/cmake-4.3.2-windows-x86_64/bin/cmake.exe" -E chdir "../../x64-windows-dbg" "C:/Users/migue/AppData/Local/vcpkg/downloads/tools/cmake-4.3.2-windows/cmake-4.3.2-windows-x86_64/bin/cmake.exe" "C:/Users/migue/CLionProjects/VibeZ/vcpkg_installed/vcpkg/blds/fmt/src/12.1.0-54f1f91231.clean" "-G" "Ninja" "-DCMAKE_BUILD_TYPE=Debug" "-DCMAKE_INSTALL_PREFIX=C:/Users/migue/CLionProjects/VibeZ/vcpkg_installed/vcpkg/pkgs/fmt_x64-windows/debug" "-DFETCHCONTENT_FULLY_DISCONNECTED=ON" "-DFMT_CMAKE_DIR=share/fmt" "-DFMT_TEST=OFF" "-DFMT_DOC=OFF" "-DCMAKE_MAKE_PROGRAM=C:\Program Files (x86)\Microsoft Visual Studio\18\BuildTools\Common7\IDE\CommonExtensions\Microsoft\CMake\Ninja\ninja.exe" "-DBUILD_SHARED_LIBS=ON" "-DVCPKG_CHAINLOAD_TOOLCHAIN_FILE=C:/Program Files (x86)/Microsoft Visual Studio/18/BuildTools/VC/vcpkg/scripts/toolchains/windows.cmake" "-DVCPKG_TARGET_TRIPLET=x64-windows" "-DVCPKG_SET_CHARSET_FLAG=ON" "-DVCPKG_PLATFORM_TOOLSET=v145" "-DCMAKE_EXPORT_NO_PACKAGE_REGISTRY=ON" "-DCMAKE_FIND_PACKAGE_NO_PACKAGE_REGISTRY=ON" "-DCMAKE_FIND_PACKAGE_NO_SYSTEM_PACKAGE_REGISTRY=ON" "-DCMAKE_INSTALL_SYSTEM_RUNTIME_LIBS_SKIP=TRUE" "-DCMAKE_VERBOSE_MAKEFILE=ON" "-DVCPKG_APPLOCAL_DEPS=OFF" "-DCMAKE_TOOLCHAIN_FILE=C:/Program Files (x86)/Microsoft Visual Studio/18/BuildTools/VC/vcpkg/scripts/buildsystems/vcpkg.cmake" "-DCMAKE_ERROR_ON_ABSOLUTE_INSTALL_DESTINATION=ON" "-DVCPKG_CXX_FLAGS=" "-DVCPKG_CXX_FLAGS_RELEASE=" "-DVCPKG_CXX_FLAGS_DEBUG=" "-DVCPKG_C_FLAGS=" "-DVCPKG_C_FLAGS_RELEASE=" "-DVCPKG_C_FLAGS_DEBUG=" "-DVCPKG_CRT_LINKAGE=dynamic" "-DVCPKG_LINKER_FLAGS=" "-DVCPKG_LINKER_FLAGS_RELEASE=" "-DVCPKG_LINKER_FLAGS_DEBUG=" "-DVCPKG_TARGET_ARCHITECTURE=x64" "-DCMAKE_INSTALL_LIBDIR:STRING=lib" "-DCMAKE_INSTALL_BINDIR:STRING=bin" "-D_VCPKG_ROOT_DIR=C:/Program Files (x86)/Microsoft Visual Studio/18/BuildTools/VC/vcpkg" "-D_VCPKG_INSTALLED_DIR=C:/Users/migue/CLionProjects/VibeZ/vcpkg_installed" "-DVCPKG_MANIFEST_INSTALL=OFF"
-- CMake version: 4.3.2
-- The CXX compiler identification is MSVC 19.51.36256.0
-- Detecting CXX compiler ABI info
-- Detecting CXX compiler ABI info - done
-- Check for working CXX compiler: C:/Program Files (x86)/Microsoft Visual Studio/18/BuildTools/VC/Tools/MSVC/14.51.36231/bin/Hostx64/x64/cl.exe - skipped
-- Detecting CXX compile features
-- Detecting CXX compile features - done
-- {fmt} version: 12.1.0
-- Build type: Debug
-- Configuring done (0.9s)
-- Generating done (0.0s)
CMake Warning:
  Manually-specified variables were not used by the project:

    FETCHCONTENT_FULLY_DISCONNECTED
    _VCPKG_ROOT_DIR


-- Build files have been written to: C:/Users/migue/CLionProjects/VibeZ/vcpkg_installed/vcpkg/blds/fmt/x64-windows-dbg
